[1m[92m    Updating[0m crates.io index
[1m[92m     Locking[0m 69 packages to latest Rust 1.98.1 compatible versions
[1m[92m Downloading[0m crates ...
[1m[92m  Downloaded[0m arrayvec v0.7.8
[1m[92m  Downloaded[0m hashbrown v0.16.1
[1m[92m  Downloaded[0m cranelift-assembler-x64 v0.135.2
[1m[92m  Downloaded[0m object v0.39.1
[1m[92m  Downloaded[0m cranelift-bitset v0.135.2
[1m[92m  Downloaded[0m cranelift-control v0.135.2
[1m[92m  Downloaded[0m cranelift-codegen-meta v0.135.2
[1m[92m  Downloaded[0m libm v0.2.16
[1m[92m  Downloaded[0m cc v1.4.6
[1m[92m  Downloaded[0m cranelift-srcgen v0.135.2
[1m[92m  Downloaded[0m anyhow v1.0.104
[1m[92m  Downloaded[0m cranelift-codegen-shared v0.135.2
[1m[92m  Downloaded[0m cranelift-entity v0.135.2
[1m[92m  Downloaded[0m foldhash v0.2.0
[1m[92m  Downloaded[0m heck v0.5.0
[1m[92m  Downloaded[0m target-lexicon v0.13.5
[1m[92m  Downloaded[0m arbitrary v1.4.2
[1m[92m  Downloaded[0m constant_time_eq v0.4.2
[1m[92m  Downloaded[0m cranelift-bforest v0.135.2
[1m[92m  Downloaded[0m cranelift-object v0.135.2
[1m[92m  Downloaded[0m smallvec v1.16.1
[1m[92m  Downloaded[0m bumpalo v3.20.3
[1m[92m  Downloaded[0m cranelift-assembler-x64-meta v0.135.2
[1m[92m  Downloaded[0m wasmtime-internal-core v48.0.2
[1m[92m  Downloaded[0m cranelift-isle v0.135.2
[1m[92m  Downloaded[0m cranelift-frontend v0.135.2
[1m[92m  Downloaded[0m regalloc2 v0.15.2
[1m[92m  Downloaded[0m blake3 v1.8.7
[1m[92m  Downloaded[0m gimli v0.33.0
[1m[92m  Downloaded[0m cranelift-codegen v0.135.2
[1m[92m  Downloaded[0m crc32fast v1.5.2
[1m[92m  Downloaded[0m allocator-api2 v0.2.21
[1m[92m  Downloaded[0m cranelift-module v0.135.2
[1m[92m   Compiling[0m foldhash v0.2.0
[1m[92m   Compiling[0m cranelift-srcgen v0.135.2
[1m[92m   Compiling[0m hashbrown v0.17.1
[1m[92m   Compiling[0m cranelift-assembler-x64-meta v0.135.2
[1m[92m   Compiling[0m vut-source v0.1.0 (/home/runner/work/vut_repo/vut_repo/crates/vut-source)
[1m[92m   Compiling[0m libm v0.2.16
[1m[92m   Compiling[0m wasmtime-internal-core v48.0.2
[1m[92m   Compiling[0m vut-diagnostics v0.1.0 (/home/runner/work/vut_repo/vut_repo/crates/vut-diagnostics)
[1m[92m   Compiling[0m cranelift-isle v0.135.2
[1m[92m   Compiling[0m vut-lexer v0.1.0 (/home/runner/work/vut_repo/vut_repo/crates/vut-lexer)
[1m[92m   Compiling[0m vut-ast v0.1.0 (/home/runner/work/vut_repo/vut_repo/crates/vut-ast)
[1m[92m   Compiling[0m cranelift-codegen-shared v0.135.2
[1m[92m   Compiling[0m heck v0.5.0
[1m[92m   Compiling[0m equivalent v1.0.2
[1m[92m   Compiling[0m indexmap v2.14.2
[1m[92m   Compiling[0m cranelift-bitset v0.135.2
[1m[92m   Compiling[0m cranelift-codegen-meta v0.135.2
[1m[92m   Compiling[0m vut-parser v0.1.0 (/home/runner/work/vut_repo/vut_repo/crates/vut-parser)
[1m[92m   Compiling[0m cranelift-assembler-x64 v0.135.2
[1m[92m   Compiling[0m target-lexicon v0.13.5
[1m[92m   Compiling[0m allocator-api2 v0.2.21
[1m[92m   Compiling[0m bumpalo v3.20.3
[1m[92m   Compiling[0m vut-resolver v0.1.0 (/home/runner/work/vut_repo/vut_repo/crates/vut-resolver)
[1m[92m   Compiling[0m cranelift-codegen v0.135.2
[1m[92m   Compiling[0m cranelift-entity v0.135.2
[1m[92m   Compiling[0m smallvec v1.16.1
[1m[92m   Compiling[0m cfg-if v1.0.4
[1m[92m   Compiling[0m arbitrary v1.4.2
[1m[92m   Compiling[0m hashbrown v0.16.1
[1m[92m   Compiling[0m rustc-hash v2.1.3
[1m[92m   Compiling[0m log v0.4.34
[1m[92m   Compiling[0m fnv v1.0.7
[1m[92m   Compiling[0m gimli v0.33.0
[1m[92m   Compiling[0m regalloc2 v0.15.2
[1m[92m   Compiling[0m cranelift-control v0.135.2
[1m[92m   Compiling[0m cranelift-bforest v0.135.2
[1m[92m   Compiling[0m vut-hir v0.1.0 (/home/runner/work/vut_repo/vut_repo/crates/vut-hir)
[1m[92m   Compiling[0m shlex v2.0.1
[1m[92m   Compiling[0m anyhow v1.0.104
[1m[92m   Compiling[0m crc32fast v1.5.2
[1m[92m   Compiling[0m find-msvc-tools v0.1.12
[1m[92m   Compiling[0m cc v1.4.6
[1m[92m   Compiling[0m object v0.39.1
[1m[92m   Compiling[0m blake3 v1.8.7
[1m[92m   Compiling[0m vut-interface v0.1.0 (/home/runner/work/vut_repo/vut_repo/crates/vut-interface)
[1m[92m   Compiling[0m memchr v2.8.3
[1m[92m   Compiling[0m vut-types v0.1.0 (/home/runner/work/vut_repo/vut_repo/crates/vut-types)
[1m[92m   Compiling[0m vut-memory v0.1.0 (/home/runner/work/vut_repo/vut_repo/crates/vut-memory)
[1m[92m   Compiling[0m constant_time_eq v0.4.2
[1m[92m   Compiling[0m arrayvec v0.7.8
[1m[92m   Compiling[0m cpufeatures v0.3.1
[1m[92m   Compiling[0m vut-mir v0.1.0 (/home/runner/work/vut_repo/vut_repo/crates/vut-mir)
[1m[92m   Compiling[0m cranelift-module v0.135.2
[1m[92m   Compiling[0m cranelift-object v0.135.2
[1m[92m   Compiling[0m cranelift-frontend v0.135.2
[1m[92m   Compiling[0m vut-runtime v0.1.0 (/home/runner/work/vut_repo/vut_repo/crates/vut-runtime)
[1m[92m   Compiling[0m vut-codegen v0.1.0 (/home/runner/work/vut_repo/vut_repo/crates/vut-codegen)
[1m[92m   Compiling[0m vut-incremental v0.1.0 (/home/runner/work/vut_repo/vut_repo/crates/vut-incremental)
[1m[92m   Compiling[0m vut-linker v0.1.0 (/home/runner/work/vut_repo/vut_repo/crates/vut-linker)
[1m[92m   Compiling[0m vut-compiler v0.1.0 (/home/runner/work/vut_repo/vut_repo/crates/vut-compiler)
[1m[92m   Compiling[0m vut-objgen v0.0.0 (/home/runner/work/vut_repo/vut_repo/spikes/mlink0/objgen)
[1m[92m    Finished[0m `release` profile [optimized] target(s) in 2m 06s
