    Updating crates.io index
     Locking 69 packages to latest Rust 1.98.1 compatible versions
 Downloading crates ...
  Downloaded foldhash v0.2.0
  Downloaded allocator-api2 v0.2.21
  Downloaded cranelift-srcgen v0.135.2
  Downloaded heck v0.5.0
  Downloaded cranelift-codegen-shared v0.135.2
  Downloaded cranelift-control v0.135.2
  Downloaded cranelift-bitset v0.135.2
  Downloaded cranelift-entity v0.135.2
  Downloaded constant_time_eq v0.4.2
  Downloaded anyhow v1.0.104
  Downloaded target-lexicon v0.13.5
  Downloaded cranelift-module v0.135.2
  Downloaded cranelift-object v0.135.2
  Downloaded cranelift-assembler-x64 v0.135.2
  Downloaded arrayvec v0.7.8
  Downloaded crc32fast v1.5.2
  Downloaded smallvec v1.16.1
  Downloaded arbitrary v1.4.2
  Downloaded cranelift-bforest v0.135.2
  Downloaded wasmtime-internal-core v48.0.2
  Downloaded cranelift-assembler-x64-meta v0.135.2
  Downloaded cranelift-frontend v0.135.2
  Downloaded cc v1.4.6
  Downloaded cranelift-codegen-meta v0.135.2
  Downloaded bumpalo v3.20.3
  Downloaded cranelift-isle v0.135.2
  Downloaded regalloc2 v0.15.2
  Downloaded libm v0.2.16
  Downloaded hashbrown v0.16.1
  Downloaded blake3 v1.8.7
  Downloaded gimli v0.33.0
  Downloaded object v0.39.1
  Downloaded cranelift-codegen v0.135.2
   Compiling foldhash v0.2.0
   Compiling cranelift-srcgen v0.135.2
   Compiling hashbrown v0.17.1
   Compiling cranelift-assembler-x64-meta v0.135.2
   Compiling libm v0.2.16
   Compiling vut-source v0.1.0 (D:\a\vut_repo\vut_repo\crates\vut-source)
   Compiling wasmtime-internal-core v48.0.2
   Compiling vut-diagnostics v0.1.0 (D:\a\vut_repo\vut_repo\crates\vut-diagnostics)
   Compiling cranelift-isle v0.135.2
   Compiling vut-lexer v0.1.0 (D:\a\vut_repo\vut_repo\crates\vut-lexer)
   Compiling vut-ast v0.1.0 (D:\a\vut_repo\vut_repo\crates\vut-ast)
   Compiling heck v0.5.0
   Compiling equivalent v1.0.2
   Compiling cranelift-codegen-shared v0.135.2
   Compiling indexmap v2.14.2
   Compiling cranelift-codegen-meta v0.135.2
   Compiling vut-parser v0.1.0 (D:\a\vut_repo\vut_repo\crates\vut-parser)
   Compiling cranelift-bitset v0.135.2
   Compiling cranelift-assembler-x64 v0.135.2
   Compiling allocator-api2 v0.2.21
   Compiling target-lexicon v0.13.5
   Compiling bumpalo v3.20.3
   Compiling cranelift-entity v0.135.2
   Compiling cranelift-codegen v0.135.2
   Compiling vut-resolver v0.1.0 (D:\a\vut_repo\vut_repo\crates\vut-resolver)
   Compiling cfg-if v1.0.4
   Compiling log v0.4.34
   Compiling rustc-hash v2.1.3
   Compiling hashbrown v0.16.1
   Compiling fnv v1.0.7
   Compiling smallvec v1.16.1
   Compiling arbitrary v1.4.2
   Compiling cranelift-control v0.135.2
   Compiling regalloc2 v0.15.2
   Compiling gimli v0.33.0
   Compiling vut-hir v0.1.0 (D:\a\vut_repo\vut_repo\crates\vut-hir)
   Compiling cranelift-bforest v0.135.2
   Compiling crc32fast v1.5.2
   Compiling find-msvc-tools v0.1.12
   Compiling anyhow v1.0.104
   Compiling shlex v2.0.1
   Compiling cc v1.4.6
   Compiling object v0.39.1
   Compiling blake3 v1.8.7
   Compiling vut-interface v0.1.0 (D:\a\vut_repo\vut_repo\crates\vut-interface)
   Compiling memchr v2.8.3
   Compiling vut-types v0.1.0 (D:\a\vut_repo\vut_repo\crates\vut-types)
   Compiling vut-memory v0.1.0 (D:\a\vut_repo\vut_repo\crates\vut-memory)
   Compiling constant_time_eq v0.4.2
   Compiling arrayvec v0.7.8
   Compiling cpufeatures v0.3.1
   Compiling vut-mir v0.1.0 (D:\a\vut_repo\vut_repo\crates\vut-mir)
   Compiling cranelift-module v0.135.2
   Compiling cranelift-object v0.135.2
   Compiling cranelift-frontend v0.135.2
   Compiling vut-runtime v0.1.0 (D:\a\vut_repo\vut_repo\crates\vut-runtime)
   Compiling vut-codegen v0.1.0 (D:\a\vut_repo\vut_repo\crates\vut-codegen)
   Compiling vut-incremental v0.1.0 (D:\a\vut_repo\vut_repo\crates\vut-incremental)
   Compiling vut-linker v0.1.0 (D:\a\vut_repo\vut_repo\crates\vut-linker)
   Compiling vut-compiler v0.1.0 (D:\a\vut_repo\vut_repo\crates\vut-compiler)
   Compiling vut-objgen v0.0.0 (D:\a\vut_repo\vut_repo\spikes\mlink0\objgen)
    Finished `release` profile [optimized] target(s) in 4m 19s
