[1m[92m    Updating[0m crates.io index
[1m[92m Downloading[0m crates ...
[1m[92m  Downloaded[0m untrusted v0.9.0
[1m[92m  Downloaded[0m want v0.3.1
[1m[92m  Downloaded[0m find-msvc-tools v0.1.12
[1m[92m  Downloaded[0m form_urlencoded v1.2.2
[1m[92m  Downloaded[0m equivalent v1.0.2
[1m[92m  Downloaded[0m fnv v1.0.7
[1m[92m  Downloaded[0m getrandom v0.4.3
[1m[92m  Downloaded[0m displaydoc v0.2.7
[1m[92m  Downloaded[0m futures-core v0.3.34
[1m[92m  Downloaded[0m futures-task v0.3.34
[1m[92m  Downloaded[0m futures-io v0.3.34
[1m[92m  Downloaded[0m cfg_aliases v0.2.2
[1m[92m  Downloaded[0m futures-sink v0.3.34
[1m[92m  Downloaded[0m futures-channel v0.3.34
[1m[92m  Downloaded[0m fs_extra v1.3.0
[1m[92m  Downloaded[0m futures-macro v0.3.34
[1m[92m  Downloaded[0m futures-util v0.3.34
[1m[92m  Downloaded[0m getrandom v0.2.17
[1m[92m  Downloaded[0m h2 v0.4.19
[1m[92m  Downloaded[0m dunce v1.0.5
[1m[92m  Downloaded[0m http-body v1.1.0
[1m[92m  Downloaded[0m ipnet v2.12.2
[1m[92m  Downloaded[0m sync_wrapper v1.0.2
[1m[92m  Downloaded[0m tower-layer v0.3.3
[1m[92m  Downloaded[0m potential_utf v0.1.6
[1m[92m  Downloaded[0m thiserror-impl v2.0.20
[1m[92m  Downloaded[0m tokio-macros v2.7.2
[1m[92m  Downloaded[0m chacha20 v0.10.2
[1m[92m  Downloaded[0m httparse v1.10.1
[1m[92m  Downloaded[0m rustls-pki-types v1.15.1
[1m[92m  Downloaded[0m shlex v2.0.1
[1m[92m  Downloaded[0m cc v1.4.5
[1m[92m  Downloaded[0m icu_normalizer_data v2.3.0
[1m[92m  Downloaded[0m indexmap v2.14.2
[1m[92m  Downloaded[0m rand_core v0.10.1
[1m[92m  Downloaded[0m tinyvec v1.13.2
[1m[92m  Downloaded[0m aws-lc-rs v1.18.1
[1m[92m  Downloaded[0m hashbrown v0.17.1
[1m[92m  Downloaded[0m http v1.5.0
[1m[92m  Downloaded[0m icu_locale_core v2.3.0
[1m[92m  Downloaded[0m icu_properties_data v2.3.0
[1m[92m  Downloaded[0m idna v1.1.0
[1m[92m  Downloaded[0m serde_core v1.0.229
[1m[92m  Downloaded[0m icu_provider v2.3.1
[1m[92m  Downloaded[0m mio v1.2.3
[1m[92m  Downloaded[0m proc-macro2 v1.0.107
[1m[92m  Downloaded[0m quote v1.0.47
[1m[92m  Downloaded[0m cmake v0.1.58
[1m[92m  Downloaded[0m serde v1.0.229
[1m[92m  Downloaded[0m smallvec v1.16.0
[1m[92m  Downloaded[0m tokio v1.53.1
[1m[92m  Downloaded[0m hyper-util v0.1.20
[1m[92m  Downloaded[0m icu_collections v2.3.0
[1m[92m  Downloaded[0m base64 v0.22.1
[1m[92m  Downloaded[0m jobserver v0.1.35
[1m[92m  Downloaded[0m rustls-webpki v0.103.15
[1m[92m  Downloaded[0m subtle v2.6.1
[1m[92m  Downloaded[0m tokio-rustls v0.26.5
[1m[92m  Downloaded[0m atomic-waker v1.1.2
[1m[92m  Downloaded[0m serde_urlencoded v0.7.1
[1m[92m  Downloaded[0m stable_deref_trait v1.2.1
[1m[92m  Downloaded[0m syn v3.0.5
[1m[92m  Downloaded[0m tinystr v0.8.4
[1m[92m  Downloaded[0m cfg-if v1.0.4
[1m[92m  Downloaded[0m memchr v2.8.3
[1m[92m  Downloaded[0m pin-project-lite v0.2.17
[1m[92m  Downloaded[0m pkg-config v0.3.34
[1m[92m  Downloaded[0m quinn v0.11.11
[1m[92m  Downloaded[0m quinn-proto v0.11.17
[1m[92m  Downloaded[0m icu_properties v2.3.0
[1m[92m  Downloaded[0m tower v0.5.3
[1m[92m  Downloaded[0m rand v0.10.2
[1m[92m  Downloaded[0m reqwest v0.12.28
[1m[92m  Downloaded[0m lru-slab v0.1.2
[1m[92m  Downloaded[0m http-body-util v0.1.5
[1m[92m  Downloaded[0m icu_normalizer v2.3.0
[1m[92m  Downloaded[0m libc v0.2.189
[1m[92m  Downloaded[0m syn v2.0.119
[1m[92m  Downloaded[0m thiserror v2.0.20
[1m[92m  Downloaded[0m rand_pcg v0.10.2
[1m[92m  Downloaded[0m synstructure v0.13.2
[1m[92m  Downloaded[0m tokio-util v0.7.19
[1m[92m  Downloaded[0m idna_adapter v1.2.2
[1m[92m  Downloaded[0m hyper-rustls v0.27.9
[1m[92m  Downloaded[0m itoa v1.0.18
[1m[92m  Downloaded[0m litemap v0.8.3
[1m[92m  Downloaded[0m once_cell v1.21.4
[1m[92m  Downloaded[0m unicode-ident v1.0.24
[1m[92m  Downloaded[0m zerofrom v0.1.8
[1m[92m  Downloaded[0m tower-service v0.3.3
[1m[92m  Downloaded[0m hyper v1.11.1
[1m[92m  Downloaded[0m utf8_iter v1.0.4
[1m[92m  Downloaded[0m slab v0.4.12
[1m[92m  Downloaded[0m tinyvec_macros v0.1.1
[1m[92m  Downloaded[0m writeable v0.6.4
[1m[92m  Downloaded[0m zerovec v0.11.8
[1m[92m  Downloaded[0m bitflags v2.13.2
[1m[92m  Downloaded[0m quinn-udp v0.5.15
[1m[92m  Downloaded[0m socket2 v0.6.5
[1m[92m  Downloaded[0m rustc-hash v2.1.3
[1m[92m  Downloaded[0m log v0.4.34
[1m[92m  Downloaded[0m tower-http v0.6.11
[1m[92m  Downloaded[0m percent-encoding v2.3.2
[1m[92m  Downloaded[0m ryu v1.0.23
[1m[92m  Downloaded[0m bytes v1.12.1
[1m[92m  Downloaded[0m rustls v0.23.44
[1m[92m  Downloaded[0m ring v0.17.14
[1m[92m  Downloaded[0m zeroize v1.9.0
[1m[92m  Downloaded[0m tracing-core v0.1.36
[1m[92m  Downloaded[0m webpki-roots v1.0.9
[1m[92m  Downloaded[0m zerofrom-derive v0.1.7
[1m[92m  Downloaded[0m yoke-derive v0.8.2
[1m[92m  Downloaded[0m tracing v0.1.44
[1m[92m  Downloaded[0m url v2.5.8
[1m[92m  Downloaded[0m aws-lc-sys v0.45.0
[1m[92m  Downloaded[0m try-lock v0.2.5
[1m[92m  Downloaded[0m zerotrie v0.2.5
[1m[92m  Downloaded[0m zerovec-derive v0.11.6
[1m[92m  Downloaded[0m yoke v0.8.3
[1m[92m   Compiling[0m proc-macro2 v1.0.107
[1m[92m   Compiling[0m unicode-ident v1.0.24
[1m[92m   Compiling[0m quote v1.0.47
[1m[92m   Compiling[0m libc v0.2.189
[1m[92m   Compiling[0m find-msvc-tools v0.1.12
[1m[92m   Compiling[0m shlex v2.0.1
[1m[92m   Compiling[0m stable_deref_trait v1.2.1
[1m[92m   Compiling[0m pin-project-lite v0.2.17
[1m[92m   Compiling[0m jobserver v0.1.35
[1m[92m   Compiling[0m bytes v1.12.1
[1m[92m   Compiling[0m cc v1.4.5
[1m[92m   Compiling[0m syn v3.0.5
[1m[92m   Compiling[0m syn v2.0.119
[1m[92m   Compiling[0m futures-core v0.3.34
[1m[92m   Compiling[0m cmake v0.1.58
[1m[92m   Compiling[0m fs_extra v1.3.0
[1m[92m   Compiling[0m synstructure v0.13.2
[1m[92m   Compiling[0m dunce v1.0.5
[1m[92m   Compiling[0m pkg-config v0.3.34
[1m[92m   Compiling[0m zerofrom-derive v0.1.7
[1m[92m   Compiling[0m yoke-derive v0.8.2
[1m[92m   Compiling[0m zerofrom v0.1.8
[1m[92m   Compiling[0m aws-lc-sys v0.45.0
[1m[92m   Compiling[0m yoke v0.8.3
[1m[92m   Compiling[0m mio v1.2.3
[1m[92m   Compiling[0m zerovec-derive v0.11.6
[1m[92m   Compiling[0m displaydoc v0.2.7
[1m[92m   Compiling[0m tokio-macros v2.7.2
[1m[92m   Compiling[0m socket2 v0.6.5
[1m[92m   Compiling[0m zerovec v0.11.8
[1m[92m   Compiling[0m itoa v1.0.18
[1m[92m   Compiling[0m tokio v1.53.1
[1m[92m   Compiling[0m tinystr v0.8.4
[1m[92m   Compiling[0m litemap v0.8.3
[1m[92m   Compiling[0m once_cell v1.21.4
[1m[92m   Compiling[0m smallvec v1.16.0
[1m[92m   Compiling[0m writeable v0.6.4
[1m[92m   Compiling[0m icu_locale_core v2.3.0
[1m[92m   Compiling[0m potential_utf v0.1.6
[1m[92m   Compiling[0m http v1.5.0
[1m[92m   Compiling[0m zerotrie v0.2.5
[1m[92m   Compiling[0m ring v0.17.14
[1m[92m   Compiling[0m icu_properties_data v2.3.0
[1m[92m   Compiling[0m aws-lc-rs v1.18.1
[1m[92m   Compiling[0m zeroize v1.9.0
[1m[92m   Compiling[0m slab v0.4.12
[1m[92m   Compiling[0m utf8_iter v1.0.4
[1m[92m   Compiling[0m icu_normalizer_data v2.3.0
[1m[92m   Compiling[0m icu_collections v2.3.0
[1m[92m   Compiling[0m icu_provider v2.3.1
[1m[92m   Compiling[0m percent-encoding v2.3.2
[1m[92m   Compiling[0m cfg-if v1.0.4
[1m[92m   Compiling[0m getrandom v0.2.17
[1m[92m   Compiling[0m rustls-pki-types v1.15.1
[1m[92m   Compiling[0m http-body v1.1.0
[1m[92m   Compiling[0m tracing-core v0.1.36
[1m[92m   Compiling[0m futures-task v0.3.34
[1m[92m   Compiling[0m untrusted v0.9.0
[1m[92m   Compiling[0m hashbrown v0.17.1
[1m[92m   Compiling[0m equivalent v1.0.2
[1m[92m   Compiling[0m httparse v1.10.1
[1m[92m   Compiling[0m futures-sink v0.3.34
[1m[92m   Compiling[0m tokio-util v0.7.19
[1m[92m   Compiling[0m indexmap v2.14.2
[1m[92m   Compiling[0m futures-util v0.3.34
[1m[92m   Compiling[0m tracing v0.1.44
[1m[92m   Compiling[0m icu_normalizer v2.3.0
[1m[92m   Compiling[0m icu_properties v2.3.0
[1m[92m   Compiling[0m tower-service v0.3.3
[1m[92m   Compiling[0m serde_core v1.0.229
[1m[92m   Compiling[0m atomic-waker v1.1.2
[1m[92m   Compiling[0m try-lock v0.2.5
[1m[92m   Compiling[0m fnv v1.0.7
[1m[92m   Compiling[0m rustls v0.23.44
[1m[92m   Compiling[0m h2 v0.4.19
[1m[92m   Compiling[0m want v0.3.1
[1m[92m   Compiling[0m idna_adapter v1.2.2
[1m[92m   Compiling[0m form_urlencoded v1.2.2
[1m[92m   Compiling[0m futures-channel v0.3.34
[1m[92m   Compiling[0m log v0.4.34
[1m[92m   Compiling[0m serde v1.0.229
[1m[92m   Compiling[0m subtle v2.6.1
[1m[92m   Compiling[0m idna v1.1.0
[1m[92m   Compiling[0m hyper v1.11.1
[1m[92m   Compiling[0m sync_wrapper v1.0.2
[1m[92m   Compiling[0m tower-layer v0.3.3
[1m[92m   Compiling[0m ipnet v2.12.2
[1m[92m   Compiling[0m base64 v0.22.1
[1m[92m   Compiling[0m hyper-util v0.1.20
[1m[92m   Compiling[0m tower v0.5.3
[1m[92m   Compiling[0m url v2.5.8
[1m[92m   Compiling[0m webpki-roots v1.0.9
[1m[92m   Compiling[0m ryu v1.0.23
[1m[92m   Compiling[0m bitflags v2.13.2
[1m[92m   Compiling[0m serde_urlencoded v0.7.1
[1m[92m   Compiling[0m tower-http v0.6.11
[1m[92m   Compiling[0m http-body-util v0.1.5
[1m[92m   Compiling[0m vut-runtime v0.1.0 (/Users/runner/work/vut_repo/vut_repo/crates/vut-runtime)
[1m[92m   Compiling[0m rustls-webpki v0.103.15
[1m[92m   Compiling[0m tokio-rustls v0.26.5
[1m[92m   Compiling[0m hyper-rustls v0.27.9
[1m[92m   Compiling[0m reqwest v0.12.28
[1m[92m   Compiling[0m vut-stdlib-native v0.1.0 (/Users/runner/work/vut_repo/vut_repo/vut-stdlib/native/vut-runtime)
[1m[92m    Finished[0m `dev` profile [unoptimized + debuginfo] target(s) in 51.15s
