building reference staticlibs (cargo)...
system libs (from rustc): -lSystem -lc -lm 
=== unix spike on macos (cc=cc) ===
=== fx-core-only ===
  cc link=FAIL errors=1
clang: error: linker command failed with exit code 1 (use -v to see invocation)
=== fx-async ===
  cc link=FAIL errors=1
clang: error: linker command failed with exit code 1 (use -v to see invocation)
=== fx-stdlib ===
  cc link=FAIL errors=10
  text-relocation in '_vut_fn_3'+0x5C (/Users/runner/work/vut_repo/vut_repo/spikes/mlink0/out/fx-stdlib.o) to '_vut_rt_bytes_utf8_error_len_v1'
  text-relocation in '_vut_fn_4'+0x5C (/Users/runner/work/vut_repo/vut_repo/spikes/mlink0/out/fx-stdlib.o) to '_vut_rt_bytes_utf8_error_len_v1'
  text-relocation in '_vut_fn_5'+0x5C (/Users/runner/work/vut_repo/vut_repo/spikes/mlink0/out/fx-stdlib.o) to '_vut_rt_bytes_utf8_error_len_v1'
  text-relocation in '_vut_fn_363'+0x78 (/Users/runner/work/vut_repo/vut_repo/spikes/mlink0/out/fx-stdlib.o) to '_vut_rt_bytes_utf8_error_len_v1'
  text-relocation in '_vut_fn_137'+0x60 (/Users/runner/work/vut_repo/vut_repo/spikes/mlink0/out/fx-stdlib.o) to '_vut_rt_bytes_utf8_error_len_v1'
  text-relocation in '_vut_fn_208'+0x70 (/Users/runner/work/vut_repo/vut_repo/spikes/mlink0/out/fx-stdlib.o) to '_vut_rt_bytes_utf8_error_len_v1'
  text-relocation in '_vut_fn_234'+0x60 (/Users/runner/work/vut_repo/vut_repo/spikes/mlink0/out/fx-stdlib.o) to '_vut_rt_bytes_utf8_error_len_v1'
  text-relocation in '_vut_fn_277'+0xA0 (/Users/runner/work/vut_repo/vut_repo/spikes/mlink0/out/fx-stdlib.o) to '_vut_rt_bytes_utf8_error_len_v1'
  text-relocation in '_vut_fn_314'+0x58 (/Users/runner/work/vut_repo/vut_repo/spikes/mlink0/out/fx-stdlib.o) to '_vut_rt_bytes_utf8_error_len_v1'
clang: error: linker command failed with exit code 1 (use -v to see invocation)
=== fx-http ===
  cc link=FAIL errors=10
  text-relocation in '_vut_fn_3'+0x5C (/Users/runner/work/vut_repo/vut_repo/spikes/mlink0/out/fx-http.o) to '_vut_rt_bytes_utf8_error_len_v1'
  text-relocation in '_vut_fn_4'+0x5C (/Users/runner/work/vut_repo/vut_repo/spikes/mlink0/out/fx-http.o) to '_vut_rt_bytes_utf8_error_len_v1'
  text-relocation in '_vut_fn_5'+0x5C (/Users/runner/work/vut_repo/vut_repo/spikes/mlink0/out/fx-http.o) to '_vut_rt_bytes_utf8_error_len_v1'
  text-relocation in '_vut_fn_361'+0x78 (/Users/runner/work/vut_repo/vut_repo/spikes/mlink0/out/fx-http.o) to '_vut_rt_bytes_utf8_error_len_v1'
  text-relocation in '_vut_fn_137'+0x60 (/Users/runner/work/vut_repo/vut_repo/spikes/mlink0/out/fx-http.o) to '_vut_rt_bytes_utf8_error_len_v1'
  text-relocation in '_vut_fn_208'+0x70 (/Users/runner/work/vut_repo/vut_repo/spikes/mlink0/out/fx-http.o) to '_vut_rt_bytes_utf8_error_len_v1'
  text-relocation in '_vut_fn_234'+0x60 (/Users/runner/work/vut_repo/vut_repo/spikes/mlink0/out/fx-http.o) to '_vut_rt_bytes_utf8_error_len_v1'
  text-relocation in '_vut_fn_277'+0xA0 (/Users/runner/work/vut_repo/vut_repo/spikes/mlink0/out/fx-http.o) to '_vut_rt_bytes_utf8_error_len_v1'
  text-relocation in '_vut_fn_314'+0x58 (/Users/runner/work/vut_repo/vut_repo/spikes/mlink0/out/fx-http.o) to '_vut_rt_bytes_utf8_error_len_v1'
clang: error: linker command failed with exit code 1 (use -v to see invocation)
M-LINK.0 macos spike complete.
